#-----------------------------------------------------------
# Vivado v2024.1 (64-bit)
# SW Build 5076996 on Wed May 22 18:37:14 MDT 2024
# IP Build 5075265 on Wed May 22 21:45:21 MDT 2024
# SharedData Build 5076995 on Wed May 22 18:29:18 MDT 2024
# Start of session at: Mon Oct  7 08:26:16 2024
# Process ID: 4956
# Current directory: C:/Users/Bobe/Documents/Vivado/Projects/Semaforos/Semaforos.runs/impl_1
# Command line: vivado.exe -log Semaforos.vdi -applog -product Vivado -messageDb vivado.pb -mode batch -source Semaforos.tcl -notrace
# Log file: C:/Users/Bobe/Documents/Vivado/Projects/Semaforos/Semaforos.runs/impl_1/Semaforos.vdi
# Journal file: C:/Users/Bobe/Documents/Vivado/Projects/Semaforos/Semaforos.runs/impl_1\vivado.jou
# Running On        :DESKTOP-M086L9A
# Platform          :Windows Server 2016 or Windows 10
# Operating System  :22631
# Processor Detail  :Intel(R) Core(TM) i5-8350U CPU @ 1.70GHz
# CPU Frequency     :1896 MHz
# CPU Physical cores:4
# CPU Logical cores :8
# Host memory       :8463 MB
# Swap memory       :4645 MB
# Total Virtual     :13108 MB
# Available Virtual :2735 MB
#-----------------------------------------------------------
source Semaforos.tcl -notrace
