#-----------------------------------------------------------
# Vivado v2024.1 (64-bit)
# SW Build 5076996 on Wed May 22 18:37:14 MDT 2024
# IP Build 5075265 on Wed May 22 21:45:21 MDT 2024
# SharedData Build 5076995 on Wed May 22 18:29:18 MDT 2024
# Start of session at: Tue Oct  8 23:57:01 2024
# Process ID: 14056
# Current directory: C:/Users/Bobe/Documents/Vivado/Projects/MaquinaDeEstados_v1/MaquinaDeEstados_v1.runs/impl_1
# Command line: vivado.exe -log union.vdi -applog -product Vivado -messageDb vivado.pb -mode batch -source union.tcl -notrace
# Log file: C:/Users/Bobe/Documents/Vivado/Projects/MaquinaDeEstados_v1/MaquinaDeEstados_v1.runs/impl_1/union.vdi
# Journal file: C:/Users/Bobe/Documents/Vivado/Projects/MaquinaDeEstados_v1/MaquinaDeEstados_v1.runs/impl_1\vivado.jou
# Running On        :DESKTOP-M086L9A
# Platform          :Windows Server 2016 or Windows 10
# Operating System  :22631
# Processor Detail  :Intel(R) Core(TM) i5-8350U CPU @ 1.70GHz
# CPU Frequency     :1896 MHz
# CPU Physical cores:4
# CPU Logical cores :8
# Host memory       :8463 MB
# Swap memory       :7119 MB
# Total Virtual     :15583 MB
# Available Virtual :3217 MB
#-----------------------------------------------------------
source union.tcl -notrace
